'Defining breadcrumbs': 'https://github.com/bluesaltlabs/laravel-breadcrumbs#defining-breadcrumbs'
'Route-bound breadcrumbs': 'https://github.com/bluesaltlabs/laravel-breadcrumbs#route-bound-breadcrumbs'
'Silencing breadcrumb exceptions': 'https://github.com/bluesaltlabs/laravel-breadcrumbs#configuration-file'
'Laravel Breadcrumbs documentation': 'https://github.com/bluesaltlabs/laravel-breadcrumbs#laravel-breadcrumbs'
